Radek
Radek2
dośdane
Zażółć
